// Jest Snapshot v1, https://goo.gl/fbAQLP

exports[`HabitTextInput is rendered correctly 1`] = `
<TextInput
  onChangeText={[Function]}
  style={
    Object {
      "borderColor": "gray",
      "borderWidth": 1,
      "color": "white",
      "height": 40,
      "width": 200,
    }
  }
  value={undefined}
/>
`;
